// Jest Snapshot v1, https://goo.gl/fbAQLP

exports[`Test3 Home 화면이 정상적으로 렌더링 되는가? 1`] = `
<RCTSafeAreaView
  style={
    {
      "backgroundColor": "white",
      "height": "100%",
      "width": "100%",
    }
  }
>
  <RCTScrollView
    style={
      {
        "borderColor": "gray",
        "borderRadius": 10,
        "borderWidth": 1,
        "flex": 1,
        "margin": 15,
        "padding": 15,
      }
    }
  >
    <View>
      <View
        style={
          {
            "alignItems": "center",
            "borderColor": "gray",
            "borderRadius": 15,
            "borderWidth": 1,
            "height": 40,
            "justifyContent": "center",
            "paddingHorizontal": 15,
          }
        }
      >
        <Text>
          Title
        </Text>
      </View>
      <View
        style={
          [
            {
              "alignItems": "center",
              "borderColor": "gray",
              "borderRadius": 15,
              "borderWidth": 1,
              "height": 40,
              "justifyContent": "center",
              "paddingHorizontal": 15,
            },
            {
              "height": 600,
              "marginTop": 20,
            },
          ]
        }
      >
        <Text>
          Text
        </Text>
      </View>
    </View>
  </RCTScrollView>
</RCTSafeAreaView>
`;
